apiVersion: v1
kind: Namespace
metadata:
  annotations:
    openshift.io/node-selector: node-role.kubernetes.io/infra=
  labels:
    name: syn-ocp-drain-monitor
    openshift.io/cluster-monitoring: 'true'
  name: syn-ocp-drain-monitor
