apiVersion: rbac.authorization.k8s.io/v1
kind: ClusterRole
metadata:
  creationTimestamp: null
  labels:
    app.kubernetes.io/managed-by: commodore
  name: ocp-drain-monitor-manager-role
rules:
- apiGroups:
  - ""
  resources:
  - nodes
  verbs:
  - get
  - list
  - watch
