apiVersion: rbac.authorization.k8s.io/v1
kind: ClusterRoleBinding
metadata:
  labels:
    app.kubernetes.io/component: kube-rbac-proxy
    app.kubernetes.io/created-by: ocp-drain-monitor
    app.kubernetes.io/instance: proxy-rolebinding
    app.kubernetes.io/managed-by: commodore
    app.kubernetes.io/name: clusterrolebinding
    app.kubernetes.io/part-of: ocp-drain-monitor
  name: ocp-drain-monitor-proxy-rolebinding
roleRef:
  apiGroup: rbac.authorization.k8s.io
  kind: ClusterRole
  name: ocp-drain-monitor-proxy-role
subjects:
- kind: ServiceAccount
  name: ocp-drain-monitor-controller-manager
  namespace: syn-ocp-drain-monitor
