apiVersion: rbac.authorization.k8s.io/v1
kind: RoleBinding
metadata:
  labels:
    app.kubernetes.io/component: rbac
    app.kubernetes.io/created-by: ocp-drain-monitor
    app.kubernetes.io/instance: leader-election-rolebinding
    app.kubernetes.io/managed-by: kustomize
    app.kubernetes.io/name: rolebinding
    app.kubernetes.io/part-of: ocp-drain-monitor
  name: ocp-drain-monitor-leader-election-rolebinding
  namespace: syn-ocp-drain-monitor
roleRef:
  apiGroup: rbac.authorization.k8s.io
  kind: Role
  name: ocp-drain-monitor-leader-election-role
subjects:
- kind: ServiceAccount
  name: ocp-drain-monitor-controller-manager
  namespace: syn-ocp-drain-monitor
