apiVersion: rbac.authorization.k8s.io/v1
kind: Role
metadata:
  labels:
    app.kubernetes.io/component: rbac
    app.kubernetes.io/created-by: ocp-drain-monitor
    app.kubernetes.io/instance: leader-election-role
    app.kubernetes.io/managed-by: commodore
    app.kubernetes.io/name: role
    app.kubernetes.io/part-of: ocp-drain-monitor
  name: ocp-drain-monitor-leader-election-role
  namespace: syn-ocp-drain-monitor
rules:
- apiGroups:
  - ""
  resources:
  - configmaps
  verbs:
  - get
  - list
  - watch
  - create
  - update
  - patch
  - delete
- apiGroups:
  - coordination.k8s.io
  resources:
  - leases
  verbs:
  - get
  - list
  - watch
  - create
  - update
  - patch
  - delete
- apiGroups:
  - ""
  resources:
  - events
  verbs:
  - create
  - patch
