apiVersion: rbac.authorization.k8s.io/v1
kind: ClusterRole
metadata:
  labels:
    app.kubernetes.io/component: kube-rbac-proxy
    app.kubernetes.io/created-by: ocp-drain-monitor
    app.kubernetes.io/instance: metrics-reader
    app.kubernetes.io/managed-by: commodore
    app.kubernetes.io/name: clusterrole
    app.kubernetes.io/part-of: ocp-drain-monitor
  name: ocp-drain-monitor-metrics-reader
rules:
- nonResourceURLs:
  - /metrics
  verbs:
  - get
