apiVersion: v1
kind: Service
metadata:
  labels:
    app.kubernetes.io/component: kube-rbac-proxy
    app.kubernetes.io/created-by: ocp-drain-monitor
    app.kubernetes.io/instance: controller-manager-metrics-service
    app.kubernetes.io/managed-by: commodore
    app.kubernetes.io/name: service
    app.kubernetes.io/part-of: ocp-drain-monitor
    control-plane: controller-manager
  name: ocp-drain-monitor-controller-manager-metrics-service
  namespace: syn-ocp-drain-monitor
spec:
  ports:
  - name: https
    port: 8443
    protocol: TCP
    targetPort: https
  selector:
    control-plane: controller-manager
